63EC04FB309D8F67D387E04246357ABA75E80299A287B5A6CF507B96A6F84DF9 3045022100A673BFE07970CD7D0466517DFF5A43F6FCD9CA1E3DB7AE3D09D332D3E18EDFD002200707A199348103E2C86A2FBF8EB705319F1032676E445C330ADCC7AE805AC8F4 04D827AE082E41B9C57F78824445193A94EF07AF9EC9FEDF3417775C6AD1F8138E09143AB2DC1C4A06D8CD1B2D1E19E3F8C9C8307F13A2FA5AF4691A68392A9CF2 34c83a37649c77f841d809ec05ccca73a30626f01feca2f63064240256a64c9d
EDC194C0C6B874EAB6D8A5E94E9FEF4F3E9B2ABE1F92A6C54A9500524451F8F7 3045022100A76885F3ACE9893B7C150532B263258FBA05EFB12C448D7133838B99D21FD0D00220377350B688CD168314CF1B3B6665FE23639A65ADD5E46D2553AE37FCD524AA86 040651E1D15AE9A284FFD712885529D3344DB3700BE756E6C22C56A6C1B57D359DD2256A22AAB45BDD7D6C5BA5DD648AA20B915B229C600A44818187E288766EAF f20eec7a38f066c148b7879b3bba706b14e9ea7877c86835e14b14a43ad0c2c6
D7E53C0F4878D3188FAD3368B981F208F529A8B055E6316751C0290AAA15E979 3045022100E503BB3ED9E8B80932321643C6763798ED49455E1C99D2319B5FC4AE05334E1202203AAFBEA61C8683AA047566A9DA804931B2E5B1ADDF2C9B8E4B1FC0A828E9A300 04C813D0F35CF7689BEC8AE3521232CA7EE0863EFE16AB39C2C6D92947B43121B1F7E5D80A4CA0552BFA4F4AF6E20F6679809438CE731C4980957743FDD9490B5E ccdcbf8b18032782ad51c3913d09d665b0a1c2c21434f4d75f63b4fdc16888bc
C1489E89DEFAECA224D621123F334CFAE58E5184EA2CC3838DE48DFA8912C618 3045022100A485779AC89A862EFF07DC3FF7EC79BF621A615395FF72C325A12262EE25746402202E58717CF5C65702D17A01BF249AC81472CDF9F998FA85674B70922EA017965B 047CD4C26D0F64CB7167632141083594AC6F1E9D4D6700B07E60369D081D5CB5A7A56BA6D39CF1E998F4140C1C34ED1D68BDE3D6A5275F7490863733A8FA2B4E30 ccdcbf8b18032782ad51c3913d09d665b0a1c2c21434f4d75f63b4fdc16888bc
1522F5127DF093CC9BE3A253CACC5225EF5C6063F7EF7023AECBCF9F175311B1 3045022100BEF8FCA98A629CFF11D7A40CE6F3F5120AC9E30EE6E2CBF56A41EFCAAD85131E02201AD50DFBF383292BAF17A6B9B78C2A3CA978E2A265B91F8677BB7EFEECAB4134 04993CB6FEC0568CDD5B77C48C516932DE783BD91B48CD0C1BD3C55532B14A82CA011BEAA88E322F8B4DBFC89B14DAF539F72F39C65BA4846FFE5950BA85C158D0 ccdcbf8b18032782ad51c3913d09d665b0a1c2c21434f4d75f63b4fdc16888bc
9F2B4A5CE35B3104AADE96CBA4EB5518C5AD48A5AC275D3A2C154DFE30B464A5 304402203711F4C46845EA33F9D1619E945A15841C08FB3BB4A4EE5366826AC35A607EC002200D24B143DC30B89D94DA3ACDF87EA277310A655F0C99E90D5A24C0CDD67B3C7C 047146F0E0FCB3139947CF0BEB870FE251930CA10D4545793D31033E801B5219ABF56C11A3CF3406CA590E4C14B0DAB749D20862B3ADC4709153C280C2A78BE10C 717c96e7597a91249af0639fc0fbf4466e212f665569b1b6fe22cca70fdf1b9c
343F841C1FF6E61599A9559805CC0D8A1C4761338C9AE4D60EAA536E264AFFFE 304402203FADC25C0B3DFBD4F8E025E814F50A6BA0DAEA94A35484BA423B4FE04675F4A40220589D53816940981F4BFED4D87DCF567397146DE5A1717377CA86A9EC8C4C4722 04ED8707A637034CA7186055499153C4A1E98C412950B25448EE104B95D6B55311EEB53B6B233030779BF4DFF6B19B1637EE5F621386065B583C6DA3358112394B 5ed7ba28d32adedfd4252229d60286d2de473a59be141aa274f8e23afcc0a598
4FC8196B61501D1AC721509A25ADF92337E4A95AB97A584A4AE79EBBBF4C6BAA 3045022100960B3871CB55DEE010D2107D720399BDC41186B4674E774A6C758AA453947949022052F19A065F6F91C3CBA44BF4E17359D9006607C50A9BF80FA698D2710F839C58 047146F0E0FCB3139947CF0BEB870FE251930CA10D4545793D31033E801B5219ABF56C11A3CF3406CA590E4C14B0DAB749D20862B3ADC4709153C280C2A78BE10C 3c9f5d1d0674cec9263fb210db0d1c0bd037c18934dbc07f0483ec525d5f242e
765131042EE9FD112AC7AF8E2FA78FC15BF2E7CA5BEB3F46599D2FAE107207E3 304502210086D1BCB30EF37F7747E2997ECE3ECDFD8F852C06B539B8A4A2191F4AC7B62BE9022007C52A164786A1A6B97CC37E5C3CEBE4B47A4EB18A7B397D299D1E76DCBD36F6 045CAE7CBA6ED16B40CCC843825868FE3139D938C7DFBD6796671586E9AB1FBED34B678FF05994573F5AF36D1843E0A7372C6684F51789270DDBD6390BF6AE27C3 3e50f0f141a7e6ea45c082b0d0c181eb721d96aaa3537ccfe4bdc4d1c5587721
959B0663C32D56A7E8E156F0620482E29180F75BB6ECBA328DF1CF75415869B3 304402201F4F3CE3C97013CFD0F530A0CBB6CC6191AE2547AD2DBCE22C4C5E5B2DDA2A22022040C1A10A8DBA64BAA37CE17163F17527972D187F4F78D2AD49009D730E8D1E8C 0430523F059845A456173A03528DC082D480BAE9F3C7AF090151309EC80B603C010DD1C40735EDD6D02AACFF0AD20D97521EDA3D1514B20FB5D9D0BCEAABFE5611 4706f1bd65ac30618399e78ebfb167572321a0c271cad8de44ec8f351bc28037
F472A7B84FAC09A3BE47730C86D30EC7ED0C5EB337BAC230539EEFB6221F5945 30440220614559E9956EF07EFF1C072270209F21ED6190EF33FC66CDE5F5CE8CE7F708A702205AAF13157BCE38C73E0788719ACBF98137A7A2370151AA7A4CC8761BCA8DA9C2 0443A2B49227FCC0C4F2B4C4ECB378B6994B4D06E6DDF39A9D2307DC016F7643C60724194319C3979A541647346E6E358197AC4119FE4797305F13AE8AF41DDFE0 cc2139ea2350ef8d860f5c907e2b9ba6ad87b6ab7eaa41b0cd09ac55d66d1f5f
93419B504D3C938EFB61D20D9F681BD1246E5DB360CBF7401EF653AC05577F0A 3045022100EBC6EE7E619AC5269FF8B508ACED08890C1AA401DC80E70024784C48BED84A0A022012007195A8930527EE84F3B66B477D324CEDE178449F79E92D66E515866BADB5 047146F0E0FCB3139947CF0BEB870FE251930CA10D4545793D31033E801B5219ABF56C11A3CF3406CA590E4C14B0DAB749D20862B3ADC4709153C280C2A78BE10C 717c96e7597a91249af0639fc0fbf4466e212f665569b1b6fe22cca70fdf1b9c
E98A1A8146D850AFE88236D3416C7EAE2720B6CD51B3568D3ABA73E138787CB5 30450221009B39054B5618F70B420198628450EA3CAAA371A30335D991C54EEBC871D270930220313B5EBA46CDDC7E1D489540CDE0FF740659B2615DA629A9BEC442339E353D44 047146F0E0FCB3139947CF0BEB870FE251930CA10D4545793D31033E801B5219ABF56C11A3CF3406CA590E4C14B0DAB749D20862B3ADC4709153C280C2A78BE10C 2c40d6afe2c4da363598f66af5886e01efd7fa8aad742b474b3a816dbf478a9b
52A9C2B52FE3581C77BFA9AA65EAFC88F8431474917396B93ABA1A0CFEFB8157 304502210098CE86E4F8261602F6B20E067CAB73B40C0C5CF1A6AAF497618C5166FDBFABCA022028D31679BE3B0CCE4E013083205DEA5193180AFDF2F68F334587C4D3B0D94D8D 045CAE7CBA6ED16B40CCC843825868FE3139D938C7DFBD6796671586E9AB1FBED34B678FF05994573F5AF36D1843E0A7372C6684F51789270DDBD6390BF6AE27C3 3e50f0f141a7e6ea45c082b0d0c181eb721d96aaa3537ccfe4bdc4d1c5587721
4A3B62F249ECB7EB5F892BA218F3DE85247CB673E24F26D54DD765A502FF032B 3045022100E7A80101F2F8898C6CBBA458D585BABE7DE78D4A13E8C658670A808FF9BDB0D7022060A2E33EED24B5C11DFF9D33186DB518AB5D24B10485E3FDB9B4A8B6CBD0FC2D 047146F0E0FCB3139947CF0BEB870FE251930CA10D4545793D31033E801B5219ABF56C11A3CF3406CA590E4C14B0DAB749D20862B3ADC4709153C280C2A78BE10C 69d868f8e286ff255dd11d4e76a5e95cc0819b3e654e7c314d58e27acb457a56
